<!DOCTYPE html>
<html>
<head>
    <title>Non standard esi:include tests</title>
</head>
<body>
<h1>Standard esi functionality with closing tag</h1>
This should print hello world: [Hello World]
This should print 404: [404: Not Found]
This should print 500: [500: Internal Server Error]
This should be empty: []
This should also be empty: []
This should print hello world: [Hello World]

<h1>Standard esi functionality with content</h1>
This should print return internal html: [Something went <strong>wrong</strong>]
This should be empty: []
This should remove comment and return internal html: [Something went <strong>wrong</strong>]
</body>
</html>
